### Task At Hand
Implement a URL QR Code Generator.

### User Request
"url qr code generator"

### Overall Plan
1. Create a new Git branch.
2. Create a new directory for the QR code generator.
3. Create `qr-code-generator/index.html` with basic structure, DaisyUI CDN, and UI elements.
4. Create `qr-code-generator/script.js` to handle logic.
5. Integrate `qrious` library.
6. Commit changes.
7. Testing and verification.

### Previous Step Commit
- **Commit Hash:** d0d801a
- **Commit Message:** step-05-integrate-qrious-library

### Current Step Rationale
This step is to commit all the changes made in the previous steps (creating `index.html` and `script.js`, and implicitly integrating `qrious`). This creates a logical checkpoint before moving on to testing and verification.

### Plan for this Step
1. Stage all remaining changes.
2. Commit the changes with a message indicating the completion of core implementation.
