### Task At Hand
Implement a URL QR Code Generator.

### User Request
"url qr code generator"

### Overall Plan
1. Create a new Git branch.
2. Create a new directory for the QR code generator.
3. Create `qr-code-generator/index.html` with basic structure, DaisyUI CDN, and UI elements.
4. Create `qr-code-generator/script.js` to handle logic.
5. Integrate `qrious` library.
6. Commit changes.
7. Testing and verification.

### Previous Step Commit
- **Commit Hash:** 1f19c65
- **Commit Message:** step-06-core-implementation-complete

### Current Step Rationale
This is the final step of the implementation plan, focusing on thoroughly testing the QR code generator to ensure it meets all functional and non-functional requirements. This includes manual UI testing, responsiveness testing, and functional testing to verify QR code generation and scanning.

### Plan for this Step
1. Run the web server in the background using `npx http-server qr-code-generator -p 8080 & echo $! > server_pid.txt`.
2. Verify the server response with `curl -s -o /dev/null -w "%{http_code}" http://localhost:8080`.
3. Perform manual UI testing as described in the plan.
4. Perform responsiveness testing as described in the plan.
5. Perform functional testing as described in the plan.
6. If all tests pass, mark the final checklist item as complete.
