### Task At Hand
Implement a URL QR Code Generator.

### User Request
"url qr code generator"

### Overall Plan
1. Create a new Git branch.
2. Create a new directory for the QR code generator.
3. Create `qr-code-generator/index.html` with basic structure, DaisyUI CDN, and UI elements.
4. Create `qr-code-generator/script.js` to handle logic.
5. Integrate `qrious` library.
6. Commit changes.
7. Testing and verification.

### Previous Step Commit
- **Commit Hash:** 0a8cff2
- **Commit Message:** step-03-create-index-html-with-ui

### Current Step Rationale
This step involves creating the JavaScript file (`script.js`) that will contain the core logic for the QR code generator. This includes handling user input, generating QR codes using the `qrious` library, displaying them, managing recent QR codes, and implementing settings.

### Plan for this Step
1. Create a new file `qr-code-generator/script.js`.
2. Get references to the URL input, generate button, QR code container, recent QR codes section, clear button, settings elements, and motivational message display.
3. Implement an event listener for the "Generate" button click:
    - Get the URL from the input field.
    - Validate the URL.
    - Create a new `QRious` instance with the URL and desired options (size, error correction).
    - Append the generated canvas to the QR code container.
    - Add the generated URL to the "Recent QR Codes" section.
    - Display a random motivational message.
4. Implement an event listener for the "Clear" button:
    - Clear the URL input field.
    - Clear the QR code container.
    - Clear the motivational message.
5. Implement logic for the "Settings" dropdown/modal to allow users to adjust QR code parameters (e.g., size, error correction level). Store these settings in local storage.
